// Jest Snapshot v1, https://goo.gl/fbAQLP

exports[`<SpeechData /> matches snampshot 1`] = `
<Redirect
  to="/login"
/>
`;
